{"level":"warn","msg":"something goes here","request_id":"<request-id-value>","instance_id":"<instance-id-value>","key":"value"}
