{"level":"info","msg":"something goes here","request_id":"<request-id-value>","key":"value"}
