{"level":"error","msg":"something goes here","request_id":"<request-id-value>"}
