{"level":"info","msg":"something goes here","request_id":"<request-id-value>","instance_id":"<instance-id-value>"}
