{"level":"debug","msg":"something goes here","request_id":"<request-id-value>"}
