{"level":"warn","msg":"something goes here here","request_id":"<request-id-value>"}
