{"level":"info","msg":"something goes here here","request_id":"<request-id-value>"}
