{"level":"error","msg":"something goes here here","request_id":"<request-id-value>"}
